\BOOKMARK [1][-]{section.1}{\376\377\000I\000n\000t\000r\000o\000d\000u\000c\000t\000i\000o\000n}{}% 1
\BOOKMARK [1][-]{section.2}{\376\377\000W\000h\000a\000t\000\040\000t\000h\000e\000\040\000f\000i\000e\000l\000d\000\040\000m\000e\000a\000s\000u\000r\000e\000s}{}% 2
\BOOKMARK [1][-]{section.3}{\376\377\000W\000h\000a\000t\000\040\000w\000e\000\040\000t\000e\000s\000t\000,\000\040\000a\000n\000d\000\040\000h\000o\000w}{}% 3
\BOOKMARK [2][-]{subsection.3.1}{\376\377\000T\000h\000e\000\040\000i\000n\000t\000e\000r\000v\000e\000n\000t\000i\000o\000n\000s}{section.3}% 4
\BOOKMARK [2][-]{subsection.3.2}{\376\377\000P\000r\000o\000t\000o\000c\000o\000l}{section.3}% 5
\BOOKMARK [2][-]{subsection.3.3}{\376\377\000S\000c\000o\000r\000i\000n\000g}{section.3}% 6
\BOOKMARK [1][-]{section.4}{\376\377\000T\000h\000e\000\040\000i\000n\000s\000t\000r\000u\000m\000e\000n\000t\000,\000\040\000a\000n\000d\000\040\000w\000h\000a\000t\000\040\000i\000t\000\040\000i\000s\000\040\000a\000p\000p\000l\000i\000e\000d\000\040\000t\000o}{}% 7
\BOOKMARK [2][-]{subsection.4.1}{\376\377\000W\000h\000y\000\040\000c\000a\000p\000i\000t\000u\000l\000a\000t\000i\000o\000n\000\040\000r\000a\000t\000e\000\040\000w\000i\000l\000l\000\040\000n\000o\000t\000\040\000d\000o}{section.4}% 8
\BOOKMARK [2][-]{subsection.4.2}{\376\377\000S\000i\000x\000\040\000q\000u\000a\000n\000t\000i\000t\000i\000e\000s}{section.4}% 9
\BOOKMARK [2][-]{subsection.4.3}{\376\377\000I\000n\000t\000e\000r\000v\000e\000n\000t\000i\000o\000n\000s\000\040\000a\000n\000d\000\040\000p\000r\000o\000t\000o\000c\000o\000l}{section.4}% 10
\BOOKMARK [1][-]{section.5}{\376\377\000I\000n\000s\000t\000a\000l\000l\000i\000n\000g\000\040\000a\000\040\000p\000o\000s\000i\000t\000i\000o\000n\000,\000\040\000a\000n\000d\000\040\000k\000e\000e\000p\000i\000n\000g\000\040\000i\000t}{}% 11
\BOOKMARK [2][-]{subsection.5.1}{\376\377\000I\000n\000s\000t\000a\000l\000l\000a\000t\000i\000o\000n\000\040\000a\000n\000d\000\040\000h\000o\000l\000d\000\040\000c\000o\000m\000e\000\040\000a\000p\000a\000r\000t}{section.5}% 12
\BOOKMARK [2][-]{subsection.5.2}{\376\377\000M\000a\000t\000c\000h\000e\000d\000\040\000p\000a\000i\000r\000s\000:\000\040\000w\000h\000a\000t\000\040\000t\000h\000e\000\040\000c\000o\000m\000p\000i\000l\000e\000d\000\040\000c\000h\000a\000n\000n\000e\000l\000\040\000a\000d\000d\000s}{section.5}% 13
\BOOKMARK [2][-]{subsection.5.3}{\376\377\000W\000h\000e\000r\000e\000\040\000t\000h\000e\000\040\000g\000a\000p\000\040\000l\000i\000v\000e\000s}{section.5}% 14
\BOOKMARK [1][-]{section.6}{\376\377\000W\000h\000y\000\040\000t\000h\000e\000\040\000c\000h\000a\000n\000n\000e\000l\000s\000\040\000d\000i\000f\000f\000e\000r}{}% 15
\BOOKMARK [1][-]{section.7}{\376\377\000W\000h\000a\000t\000\040\000t\000h\000e\000\040\000a\000b\000l\000a\000t\000i\000o\000n\000s\000\040\000l\000o\000c\000a\000t\000e}{}% 16
\BOOKMARK [1][-]{section.8}{\376\377\000W\000h\000i\000c\000h\000\040\000c\000h\000a\000n\000n\000e\000l\000s\000\040\000t\000e\000l\000l\000\040\000g\000o\000o\000d\000\040\000e\000v\000i\000d\000e\000n\000c\000e\000\040\000f\000r\000o\000m\000\040\000b\000a\000d\000?}{}% 17
\BOOKMARK [1][-]{section.9}{\376\377\000W\000h\000o\000\040\000c\000a\000n\000\040\000t\000a\000k\000e\000\040\000t\000h\000e\000\040\000p\000o\000s\000i\000t\000i\000o\000n\000\040\000a\000w\000a\000y}{}% 18
\BOOKMARK [1][-]{section.10}{\376\377\000I\000n\000s\000i\000d\000e\000\040\000t\000h\000e\000\040\000c\000o\000m\000p\000i\000l\000e\000d\000\040\000c\000h\000a\000n\000n\000e\000l}{}% 19
\BOOKMARK [1][-]{section.11}{\376\377\000T\000h\000e\000\040\000a\000c\000c\000o\000u\000n\000t\000i\000n\000g}{}% 20
\BOOKMARK [1][-]{section.12}{\376\377\000L\000i\000m\000i\000t\000a\000t\000i\000o\000n\000s}{}% 21
\BOOKMARK [1][-]{section.13}{\376\377\000C\000o\000n\000c\000l\000u\000s\000i\000o\000n}{}% 22
\BOOKMARK [1][-]{appendix.A}{\376\377\000A\000p\000p\000e\000n\000d\000i\000x}{}% 23
\BOOKMARK [2][-]{subsection.A.1}{\376\377\000E\000x\000p\000e\000r\000i\000m\000e\000n\000t\000\040\000i\000n\000d\000e\000x}{appendix.A}% 24
\BOOKMARK [2][-]{subsection.A.2}{\376\377\000A\000d\000v\000e\000r\000s\000a\000r\000i\000a\000l\000\040\000i\000n\000j\000e\000c\000t\000i\000o\000n\000\040\000a\000n\000d\000\040\000o\000v\000e\000r\000r\000i\000d\000e}{appendix.A}% 25
\BOOKMARK [2][-]{subsection.A.3}{\376\377\000B\000e\000l\000i\000e\000f\000\040\000c\000a\000p\000a\000c\000i\000t\000y}{appendix.A}% 26
\BOOKMARK [2][-]{subsection.A.4}{\376\377\000T\000r\000a\000i\000n\000i\000n\000g\000\040\000c\000u\000r\000r\000i\000c\000u\000l\000u\000m}{appendix.A}% 27
\BOOKMARK [2][-]{subsection.A.5}{\376\377\000B\000e\000l\000i\000e\000f\000-\000t\000r\000e\000e\000\040\000s\000c\000h\000e\000m\000a\000\040\000s\000p\000e\000c\000i\000f\000i\000c\000a\000t\000i\000o\000n}{appendix.A}% 28
\BOOKMARK [2][-]{subsection.A.6}{\376\377\000C\000o\000n\000d\000i\000t\000i\000o\000n\000\040\000d\000e\000f\000i\000n\000i\000t\000i\000o\000n\000s\000\040\000w\000i\000t\000h\000\040\000t\000o\000k\000e\000n\000\040\000b\000u\000d\000g\000e\000t\000s}{appendix.A}% 29
\BOOKMARK [2][-]{subsection.A.7}{\376\377\000P\000e\000r\000-\000l\000e\000v\000e\000l\000\040\000c\000r\000o\000s\000s\000-\000f\000a\000m\000i\000l\000y\000\040\000t\000a\000b\000l\000e\000s}{appendix.A}% 30
\BOOKMARK [2][-]{subsection.A.8}{\376\377\000N\000u\000m\000e\000r\000i\000c\000-\000c\000r\000e\000d\000e\000n\000c\000e\000\040\000n\000e\000g\000a\000t\000i\000v\000e\000\040\000r\000e\000s\000u\000l\000t}{appendix.A}% 31
\BOOKMARK [2][-]{subsection.A.9}{\376\377\000A\000t\000t\000r\000a\000c\000t\000o\000r\000\040\000d\000i\000a\000g\000n\000o\000s\000i\000s}{appendix.A}% 32
\BOOKMARK [2][-]{subsection.A.10}{\376\377\000Q\000u\000e\000r\000y\000/\000v\000a\000l\000u\000e\000\040\000c\000h\000a\000n\000n\000e\000l\000\040\000f\000i\000n\000g\000e\000r\000p\000r\000i\000n\000t}{appendix.A}% 33
\BOOKMARK [2][-]{subsection.A.11}{\376\377\000C\000o\000n\000d\000i\000t\000i\000o\000n\000\040\000c\000t\000x\000+\000c\000m\000p\000\040\000s\000c\000a\000l\000e\000\040\000s\000w\000e\000e\000p\000\040\000a\000n\000d\000\040\000t\000h\000e\000\040\000s\000c\000o\000r\000i\000n\000g\000-\000p\000a\000t\000h\000\040\000c\000h\000e\000c\000k}{appendix.A}% 34
\BOOKMARK [2][-]{subsection.A.12}{\376\377\000P\000r\000o\000b\000e\000\040\000d\000e\000c\000o\000d\000a\000b\000i\000l\000i\000t\000y}{appendix.A}% 35
\BOOKMARK [2][-]{subsection.A.13}{\376\377\000J\000u\000d\000g\000e\000\040\000p\000r\000o\000m\000p\000t\000s}{appendix.A}% 36
\BOOKMARK [2][-]{subsection.A.14}{\376\377\000T\000h\000e\000\040\000a\000u\000x\000i\000l\000i\000a\000r\000y\000\040\000t\000r\000a\000i\000n\000i\000n\000g\000\040\000s\000i\000g\000n\000a\000l\000\040\000\050\000d\000*\000\051}{appendix.A}% 37
\BOOKMARK [2][-]{subsection.A.15}{\376\377\000M\000u\000l\000t\000i\000-\000j\000u\000d\000g\000e\000\040\000e\000n\000s\000e\000m\000b\000l\000e\000\040\000a\000n\000d\000\040\000i\000n\000t\000e\000r\000-\000r\000a\000t\000e\000r\000\040\000a\000g\000r\000e\000e\000m\000e\000n\000t}{appendix.A}% 38
\BOOKMARK [2][-]{subsection.A.16}{\376\377\000T\000h\000e\000\040\000c\000a\000n\000o\000n\000i\000c\000a\000l\000\040\000r\000e\000s\000u\000l\000t\000s\000\040\000t\000a\000b\000l\000e}{appendix.A}% 39
\BOOKMARK [2][-]{subsection.A.17}{\376\377\000M\000a\000t\000c\000h\000e\000d\000\040\000p\000a\000i\000r\000s\000,\000\040\000f\000u\000l\000l\000\040\000t\000a\000b\000l\000e}{appendix.A}% 40
\BOOKMARK [2][-]{subsection.A.18}{\376\377\000T\000h\000e\000\040\000p\000r\000o\000m\000p\000t\000\040\000s\000w\000e\000e\000p\000:\000\040\000h\000o\000l\000d\000\040\000i\000s\000\040\000i\000n\000e\000x\000p\000e\000n\000s\000i\000v\000e}{appendix.A}% 41
\BOOKMARK [2][-]{subsection.A.19}{\376\377\000T\000h\000e\000\040\000a\000c\000c\000o\000u\000n\000t\000i\000n\000g\000\040\000t\000a\000b\000l\000e}{appendix.A}% 42
\BOOKMARK [2][-]{subsection.A.20}{\376\377\000P\000r\000i\000o\000r\000-\000d\000i\000r\000e\000c\000t\000i\000o\000n\000\040\000c\000o\000n\000t\000r\000o\000l}{appendix.A}% 43
\BOOKMARK [2][-]{subsection.A.21}{\376\377\000I\000n\000s\000t\000a\000l\000l\000-\000g\000a\000t\000e\000d\000\040\000h\000o\000l\000d\000\040\000a\000n\000d\000\040\000i\000n\000s\000t\000a\000l\000l\000-\000g\000a\000t\000e\000d\000\040\000d\000i\000s\000c\000r\000i\000m\000i\000n\000a\000t\000i\000o\000n}{appendix.A}% 44
\BOOKMARK [2][-]{subsection.A.22}{\376\377\000S\000y\000s\000t\000e\000m\000\040\000p\000r\000o\000m\000p\000t\000s\000,\000\040\000v\000e\000r\000b\000a\000t\000i\000m}{appendix.A}% 45
\BOOKMARK [2][-]{subsection.A.23}{\376\377\000P\000r\000e\000s\000s\000u\000r\000e\000\040\000t\000e\000m\000p\000l\000a\000t\000e\000s\000\040\000a\000t\000\040\000t\000h\000e\000\040\000c\000o\000n\000t\000e\000s\000t\000e\000d\000\040\000l\000e\000v\000e\000l}{appendix.A}% 46
\BOOKMARK [2][-]{subsection.A.24}{\376\377\000E\000v\000i\000d\000e\000n\000c\000e\000\040\000f\000i\000x\000t\000u\000r\000e\000s}{appendix.A}% 47
\BOOKMARK [2][-]{subsection.A.25}{\376\377\000A\000d\000v\000e\000r\000s\000a\000r\000i\000a\000l\000\040\000a\000t\000t\000a\000c\000k\000\040\000c\000h\000a\000i\000n\000s}{appendix.A}% 48
\BOOKMARK [2][-]{subsection.A.26}{\376\377\000T\000h\000e\000\040\000s\000t\000e\000e\000r\000i\000n\000g\000\040\000c\000o\000n\000f\000i\000g\000u\000r\000a\000t\000i\000o\000n\000,\000\040\000a\000n\000d\000\040\000w\000h\000y\000\040\000w\000e\000\040\000c\000a\000l\000l\000\040\000i\000t\000\040\000d\000e\000g\000e\000n\000e\000r\000a\000t\000e}{appendix.A}% 49
\BOOKMARK [2][-]{subsection.A.27}{\376\377\000I\000n\000t\000e\000g\000r\000i\000t\000y\000\040\000f\000a\000i\000l\000u\000r\000e\000s\000\040\000u\000n\000d\000e\000r\000\040\000t\000h\000e\000\040\000p\000e\000r\000s\000i\000s\000t\000e\000n\000c\000e\000\040\000i\000n\000s\000t\000r\000u\000c\000t\000i\000o\000n}{appendix.A}% 50
\BOOKMARK [2][-]{subsection.A.28}{\376\377\000W\000h\000y\000\040\000t\000h\000e\000\040\000t\000w\000o\000\040\000p\000r\000o\000j\000e\000c\000t\000i\000o\000n\000s\000\040\000d\000i\000f\000f\000e\000r}{appendix.A}% 51
\BOOKMARK [2][-]{subsection.A.29}{\376\377\000I\000n\000s\000i\000d\000e\000\040\000t\000h\000e\000\040\000c\000o\000m\000p\000i\000l\000e\000d\000\040\000c\000h\000a\000n\000n\000e\000l}{appendix.A}% 52
\BOOKMARK [2][-]{subsection.A.30}{\376\377\000E\000x\000t\000e\000n\000d\000e\000d\000\040\000c\000o\000m\000p\000a\000r\000i\000s\000o\000n\000\040\000t\000o\000\040\000p\000r\000i\000o\000r\000\040\000c\000o\000n\000d\000i\000t\000i\000o\000n\000i\000n\000g\000\040\000w\000o\000r\000k}{appendix.A}% 53
\BOOKMARK [2][-]{subsection.A.31}{\376\377\000O\000b\000j\000e\000c\000t\000i\000v\000e\000-\000m\000a\000t\000c\000h\000e\000d\000\040\000L\000o\000R\000A}{appendix.A}% 54
\BOOKMARK [2][-]{subsection.A.32}{\376\377\000L\000o\000R\000A\000/\000S\000F\000T\000\040\000b\000a\000s\000e\000l\000i\000n\000e}{appendix.A}% 55
\BOOKMARK [2][-]{subsection.A.33}{\376\377\000P\000a\000i\000r\000e\000d\000\040\000s\000i\000g\000n\000i\000f\000i\000c\000a\000n\000c\000e\000\040\000a\000n\000d\000\040\000m\000u\000l\000t\000i\000p\000l\000e\000-\000c\000o\000m\000p\000a\000r\000i\000s\000o\000n\000\040\000c\000o\000r\000r\000e\000c\000t\000i\000o\000n}{appendix.A}% 56
\BOOKMARK [2][-]{subsection.A.34}{\376\377\000R\000e\000p\000r\000o\000d\000u\000c\000i\000b\000i\000l\000i\000t\000y}{appendix.A}% 57
\BOOKMARK [2][-]{subsection.A.35}{\376\377\000D\000e\000a\000d\000\040\000e\000n\000d\000s}{appendix.A}% 58
